#
# A fatal error has been detected by the Java Runtime Environment:
#
#  EXCEPTION_ACCESS_VIOLATION (0xc0000005) at pc=0x75f3af88, pid=3352, tid=1672
#
# JRE version: 6.0_17-b04
# Java VM: Java HotSpot(TM) Client VM (14.3-b01 mixed mode windows-x86 )
# Problematic frame:
# C  [ole32.dll+0x2af88]
#
# If you would like to submit a bug report, please visit:
#   http://java.sun.com/webapps/bugreport/crash.jsp
# The crash happened outside the Java Virtual Machine in native code.
# See problematic frame for where to report the bug.
#

---------------  T H R E A D  ---------------

Current thread (0x1ed9a400):  JavaThread "Thread-42" [_thread_in_native, id=1672, stack(0x29700000,0x29780000)]

siginfo: ExceptionCode=0xc0000005, reading address 0x00000000

Registers:
EAX=0x00000000, EBX=0x00000000, ECX=0x9e42fc93, EDX=0x2977b540
ESP=0x2977ab64, EBP=0x2977abd4, ESI=0x00000000, EDI=0x2977b540
EIP=0x75f3af88, EFLAGS=0x00010246

Top of Stack: (sp=0x2977ab64)
0x2977ab64:   00000000 2977b1a4 2977b710 2977b710
0x2977ab74:   00000000 00000001 00000000 00000000
0x2977ab84:   2977b540 2a79273c 2977b000 00000001
0x2977ab94:   2d030c58 80004005 2a79273c 41e90f3e
0x2977aba4:   463356c1 8b6ec381 70dd8bac 75f642c4
0x2977abb4:   00000000 00000000 00000001 00000000
0x2977abc4:   00000000 2977ab94 2a792720 b7355747
0x2977abd4:   2977ac14 75f5554a 76056444 00000000 

Instructions: (pc=0x75f3af88)
0x75f3af78:   75 c0 ff 75 ac e8 67 01 00 00 89 45 c4 8b 45 ac
0x75f3af88:   8b 08 50 ff 51 08 8b 45 c0 3b c3 74 06 8b 08 50 


Stack: [0x29700000,0x29780000],  sp=0x2977ab64,  free space=490k
Native frames: (J=compiled Java code, j=interpreted, Vv=VM code, C=native code)
C  [ole32.dll+0x2af88]
C  [ole32.dll+0x4554a]
C  [ole32.dll+0x2b07c]
C  [ole32.dll+0x2aff1]
C  [ole32.dll+0x2ae16]
C  [ole32.dll+0x2adc7]
C  [ole32.dll+0x2b0df]
C  [ole32.dll+0x4554a]
C  [ole32.dll+0x452ce]
C  [ole32.dll+0x4554a]
C  [ole32.dll+0x45472]
C  [ole32.dll+0x55916]
C  [ole32.dll+0x55877]
C  [ole32.dll+0x55830]
C  [SHELL32.dll+0x88190]
C  [SHELL32.dll+0x8828d]
C  [SHELL32.dll+0x68bf4]
C  [SHELL32.dll+0x68a6e]
C  [SHELL32.dll+0x68c48]
C  [SHELL32.dll+0x6fd1b]
C  [SHELL32.dll+0x6fc4c]
C  [SHELL32.dll+0x6fb8d]
C  [SHELL32.dll+0x64dcc]
C  [SHELL32.dll+0x15bf6f]
C  [SHELL32.dll+0x6f170]
C  [SHELL32.dll+0x6f05d]
C  [SHELL32.dll+0x6f212]
C  [SHELL32.dll+0x6f0c6]
C  [SHELL32.dll+0x6f105]
C  [SHELL32.dll+0x148e20]
C  [SHELL32.dll+0xa76f2]
C  [SHELL32.dll+0x419a1]
C  [SHELL32.dll+0x60a20]
C  [SHELL32.dll+0x424b1]
C  [SHELL32.dll+0x4246f]
C  [SHELL32.dll+0x7ac62]
C  [SHELL32.dll+0x7ab4b]
C  [SHELL32.dll+0x15f6e2]
C  [SHELL32.dll+0x15f15e]
C  [SHELL32.dll+0x15f3cc]
C  0x6d19b203
C  0x29b40c64
C  0x73b02fd9
C  0x73b03085
C  0x73b03062
C  0x73b03002
C  0x73b0a27d
C  0x73b0a22d
C  0x73b0a354
C  0x73b0a375
C  0x73b0a375
C  0x73b0a375
C  0x73b0a375
C  0x73b0a375
C  0x73b0a375
C  0x73b0a375
C  0x73b0a15d
C  0x73b0a6cc
C  0x73b09edf
C  0x73b09e01
C  0x73b0a676
C  0x73b02a9e
C  [USER32.dll+0x1c4b7]
C  [USER32.dll+0x1c5b7]
C  [USER32.dll+0x11b09]
C  [USER32.dll+0x11b2f]
C  0x2056f453
C  0x2056f5fe
C  0x2056f5b2
C  0x6d197444
C  0x6d186098
C  0x2056f5fe
C  0x2056f5b2
C  0x6d187b7f
C  0x6d187b27
C  0x2056f5fe
C  0x2056f5b2
C  0x2056b65f
C  0x2056f5fe
C  0x2056f4a0
C  [USER32.dll+0x1c4b7]
C  [USER32.dll+0x15f77]
C  [USER32.dll+0x14ee6]
C  [USER32.dll+0x14f55]
C  [ntdll.dll+0x46b2e]
C  0x29b602b4
C  0x29b40c64
C  0x73b02fd9
C  0x73b03085
C  0x73b03062
C  0x73b03002
C  0x73b0a27d
C  0x73b0a22d
C  0x73b0a354
C  0x73b0a375
C  0x73b0a375
C  0x73b0a375
C  0x73b0a15d
C  0x73b0a6cc
C  0x73b09edf
...<more frames>...

Java frames: (J=compiled Java code, j=interpreted, Vv=VM code)
j  com.mathworks.util.NativeJava.showNativeFileDialogMulti(JZLjava/lang/String;Ljava/lang/String;Ljava/lang/String;Ljava/lang/String;ZZLjava/lang/String;I)Ljava/lang/Object;+0
j  com.mathworks.mwswing.MJFileChooserPerPlatform$RunnableNativeDispatch.runNative()V+37
j  com.mathworks.mwswing.MJFileChooserPerPlatform$RunnableNativeDispatch.runWindows()V+22
j  com.mathworks.mwswing.MJFileChooserPerPlatform$RunnableNativeDispatch.run()V+7
j  java.lang.Thread.run()V+11
v  ~StubRoutines::call_stub

---------------  P R O C E S S  ---------------

Java Threads: ( => current thread )
  0x0f12f400 JavaThread "Foxtrot Multi Worker Thread Runner #2" daemon [_thread_blocked, id=7236, stack(0x29900000,0x29980000)]
  0x0f12ec00 JavaThread "Foxtrot Multi Worker Thread Runner #1" daemon [_thread_blocked, id=6456, stack(0x29880000,0x29900000)]
=>0x1ed9a400 JavaThread "Thread-42" [_thread_in_native, id=1672, stack(0x29700000,0x29780000)]
  0x1ed9bc00 JavaThread "Command Window doExecuteCommand" [_thread_in_native, id=1244, stack(0x23a40000,0x23ac0000)]
  0x1ed96000 JavaThread "Image Fetcher 0" daemon [_thread_blocked, id=3868, stack(0x1f9e0000,0x1fa60000)]
  0x1ed99c00 JavaThread "Code Analyzer updating thread" [_thread_blocked, id=6020, stack(0x27d30000,0x27db0000)]
  0x1ed9b400 JavaThread "Prefs Updater" daemon [_thread_blocked, id=2884, stack(0x27bb0000,0x27c30000)]
  0x1ed99800 JavaThread "Code Analyzer updating thread" [_thread_blocked, id=4928, stack(0x26af0000,0x26b70000)]
  0x1ed9b000 JavaThread "Active Reference Queue Daemon" daemon [_thread_blocked, id=5880, stack(0x26a70000,0x26af0000)]
  0x1ed9a800 JavaThread "Timer-1" daemon [_thread_blocked, id=6492, stack(0x269f0000,0x26a70000)]
  0x1ed99000 JavaThread "ClipboardMonitor Timer" daemon [_thread_blocked, id=3576, stack(0x26960000,0x269e0000)]
  0x1ed98000 JavaThread "Explorer NavigationContext request queue" daemon [_thread_blocked, id=6244, stack(0x268e0000,0x26960000)]
  0x1ed97400 JavaThread "AddressBar directory emptiness poller" daemon [_thread_blocked, id=5996, stack(0x267e0000,0x26860000)]
  0x1ed96c00 JavaThread "Explorer Refresh Service 32361764" daemon [_thread_blocked, id=7772, stack(0x26760000,0x267e0000)]
  0x1ed96400 JavaThread "Thread-4" daemon [_thread_blocked, id=4960, stack(0x25c20000,0x25ca0000)]
  0x1ed95800 JavaThread "TimerQueue" daemon [_thread_blocked, id=7788, stack(0x20000000,0x20080000)]
  0x1ed95400 JavaThread "Thread-3" daemon [_thread_blocked, id=7832, stack(0x1fb60000,0x1fbe0000)]
  0x1ed94c00 JavaThread "FelixPackageAdmin" daemon [_thread_blocked, id=7068, stack(0x1fde0000,0x1fe60000)]
  0x1ed94800 JavaThread "FelixStartLevel" daemon [_thread_blocked, id=6104, stack(0x1fd60000,0x1fde0000)]
  0x1ed94000 JavaThread "FelixDispatchQueue" daemon [_thread_blocked, id=2316, stack(0x1fc60000,0x1fce0000)]
  0x1edda000 JavaThread "AWT-EventQueue-0" [_thread_blocked, id=4180, stack(0x1fae0000,0x1fb60000)]
  0x1ecff400 JavaThread "com.google.common.base.internal.Finalizer" daemon [_thread_blocked, id=6796, stack(0x1fa60000,0x1fae0000)]
  0x1ece0c00 JavaThread "AWT-Windows" daemon [_thread_in_native, id=1288, stack(0x1f860000,0x1f8e0000)]
  0x1ecd6800 JavaThread "AWT-Shutdown" [_thread_blocked, id=2212, stack(0x1f7e0000,0x1f860000)]
  0x1ecd4000 JavaThread "Java2D Disposer" daemon [_thread_blocked, id=8136, stack(0x0ff80000,0x10000000)]
  0x0f6d9400 JavaThread "Timer-0" [_thread_blocked, id=7100, stack(0x0a9c0000,0x0aa40000)]
  0x0f597000 JavaThread "EventMgr Dispatcher" daemon [_thread_in_native, id=7784, stack(0x1e010000,0x1e810000)]
  0x07835400 JavaThread "Low Memory Detector" daemon [_thread_blocked, id=5300, stack(0x08390000,0x08410000)]
  0x07834400 JavaThread "CompilerThread0" daemon [_thread_blocked, id=5584, stack(0x0dfd0000,0x0e7d0000)]
  0x07829800 JavaThread "Attach Listener" daemon [_thread_blocked, id=2580, stack(0x08310000,0x08390000)]
  0x077f7c00 JavaThread "Finalizer" daemon [_thread_blocked, id=3400, stack(0x08290000,0x08310000)]
  0x077f3000 JavaThread "Reference Handler" daemon [_thread_blocked, id=5004, stack(0x079f0000,0x07a70000)]
  0x07775400 JavaThread "main" [_thread_blocked, id=7292, stack(0x00430000,0x00c30000)]

Other Threads:
  0x077eec00 VMThread [stack: 0x0d7d0000,0x0dfd0000] [id=5096]
  0x07848000 WatcherThread [stack: 0x0e7d0000,0x0efd0000] [id=5936]

VM state:not at safepoint (normal execution)

VM Mutex/Monitor currently owned by a thread: None

Heap
 def new generation   total 17920K, used 2282K [0x10010000, 0x11380000, 0x12010000)
  eden space 15936K,   8% used [0x10010000, 0x10173040, 0x10fa0000)
  from space 1984K,  43% used [0x11190000, 0x11267910, 0x11380000)
  to   space 1984K,   0% used [0x10fa0000, 0x10fa0000, 0x11190000)
 tenured generation   total 59564K, used 37709K [0x12010000, 0x15a3b000, 0x18010000)
   the space 59564K,  63% used [0x12010000, 0x144e3678, 0x144e3800, 0x15a3b000)
 compacting perm gen  total 43520K, used 43445K [0x18010000, 0x1aa90000, 0x1e010000)
   the space 43520K,  99% used [0x18010000, 0x1aa7d5c8, 0x1aa7d600, 0x1aa90000)
No shared spaces configured.

Dynamic libraries:
0x00400000 - 0x00425000 	D:\programas\Matlab\R2013a\bin\win32\MATLAB.exe
0x77180000 - 0x772c2000 	C:\Windows\SYSTEM32\ntdll.dll
0x75b40000 - 0x75c15000 	C:\Windows\system32\kernel32.dll
0x75370000 - 0x753bb000 	C:\Windows\system32\KERNELBASE.dll
0x7ef10000 - 0x7efa1000 	D:\programas\Matlab\R2013a\bin\win32\libut.dll
0x7dce0000 - 0x7dd75000 	D:\programas\Matlab\R2013a\bin\win32\libmwi18n.dll
0x10000000 - 0x1000b000 	D:\programas\Matlab\R2013a\bin\win32\libmwresource_core.dll
0x000d0000 - 0x00139000 	D:\programas\Matlab\R2013a\bin\win32\MSVCP100.dll
0x00290000 - 0x0034f000 	D:\programas\Matlab\R2013a\bin\win32\MSVCR100.dll
0x00020000 - 0x0002c000 	D:\programas\Matlab\R2013a\bin\win32\boost_date_time-vc100-mt-1_49.dll
0x00140000 - 0x00165000 	D:\programas\Matlab\R2013a\bin\win32\boost_filesystem-vc100-mt-1_49.dll
0x00170000 - 0x00177000 	D:\programas\Matlab\R2013a\bin\win32\boost_system-vc100-mt-1_49.dll
0x75830000 - 0x758d1000 	C:\Windows\system32\ADVAPI32.dll
0x759e0000 - 0x75a8c000 	C:\Windows\system32\msvcrt.dll
0x75c20000 - 0x75c39000 	C:\Windows\SYSTEM32\sechost.dll
0x75780000 - 0x75822000 	C:\Windows\system32\RPCRT4.dll
0x00350000 - 0x00371000 	D:\programas\Matlab\R2013a\bin\win32\LIBEXPAT.dll
0x72eb0000 - 0x72ff9000 	D:\programas\Matlab\R2013a\bin\win32\icuin49.dll
0x7ea10000 - 0x7eb17000 	D:\programas\Matlab\R2013a\bin\win32\icuuc49.dll
0x00c30000 - 0x01d52000 	D:\programas\Matlab\R2013a\bin\win32\icudt49.dll
0x73db0000 - 0x73dbd000 	D:\programas\Matlab\R2013a\bin\win32\icuio49.dll
0x01d60000 - 0x01eb3000 	D:\programas\Matlab\R2013a\bin\win32\libmwfl.dll
0x01ec0000 - 0x021e3000 	D:\programas\Matlab\R2013a\bin\win32\libmwMATLAB_res.dll
0x021f0000 - 0x022a4000 	D:\programas\Matlab\R2013a\bin\win32\boost_regex-vc100-mt-1_49.dll
0x76fb0000 - 0x77079000 	C:\Windows\system32\USER32.dll
0x756e0000 - 0x7572e000 	C:\Windows\system32\GDI32.dll
0x75b30000 - 0x75b3a000 	C:\Windows\system32\LPK.dll
0x770e0000 - 0x7717d000 	C:\Windows\system32\USP10.dll
0x003b0000 - 0x003be000 	D:\programas\Matlab\R2013a\bin\win32\boost_signals-vc100-mt-1_49.dll
0x003c0000 - 0x003ce000 	D:\programas\Matlab\R2013a\bin\win32\boost_thread-vc100-mt-1_49.dll
0x022b0000 - 0x02324000 	D:\programas\Matlab\R2013a\bin\win32\boost_log-vc100-mt-1_49.dll
0x75f00000 - 0x75f05000 	C:\Windows\system32\PSAPI.DLL
0x75990000 - 0x759c5000 	C:\Windows\system32\WS2_32.dll
0x759d0000 - 0x759d6000 	C:\Windows\system32\NSI.dll
0x003d0000 - 0x003f8000 	D:\programas\Matlab\R2013a\bin\win32\tbb.dll
0x772d0000 - 0x772fb000 	C:\Windows\system32\imagehlp.dll
0x74550000 - 0x74575000 	C:\Windows\system32\POWRPROF.dll
0x76e10000 - 0x76fad000 	C:\Windows\system32\SETUPAPI.dll
0x751d0000 - 0x751f7000 	C:\Windows\system32\CFGMGR32.dll
0x758e0000 - 0x7596f000 	C:\Windows\system32\OLEAUT32.dll
0x75f10000 - 0x7606c000 	C:\Windows\system32\ole32.dll
0x751a0000 - 0x751b2000 	C:\Windows\system32\DEVOBJ.dll
0x02330000 - 0x02349000 	D:\programas\Matlab\R2013a\bin\win32\libmwmfl_scalar.dll
0x70090000 - 0x7017b000 	C:\Windows\system32\dbghelp.dll
0x02350000 - 0x025e6000 	D:\programas\Matlab\R2013a\bin\win32\libmwservices.dll
0x7db50000 - 0x7dc0c000 	D:\programas\Matlab\R2013a\bin\win32\libmx.dll
0x025f0000 - 0x02608000 	D:\programas\Matlab\R2013a\bin\win32\tbbmalloc.dll
0x02610000 - 0x02624000 	D:\programas\Matlab\R2013a\bin\win32\zlib1.dll
0x02630000 - 0x0266d000 	D:\programas\Matlab\R2013a\bin\win32\libmwregexp.dll
0x7df40000 - 0x7df78000 	D:\programas\Matlab\R2013a\bin\win32\mpath.dll
0x72990000 - 0x72ea3000 	D:\programas\Matlab\R2013a\bin\win32\mlutil.dll
0x7d670000 - 0x7d6d2000 	D:\programas\Matlab\R2013a\bin\win32\xmlcore.dll
0x02670000 - 0x02830000 	D:\programas\Matlab\R2013a\bin\win32\xerces-c_2_7.dll
0x02840000 - 0x0285f000 	D:\programas\Matlab\R2013a\bin\win32\libmwMATLAB_settings_res.dll
0x02860000 - 0x0286d000 	D:\programas\Matlab\R2013a\bin\win32\boost_iostreams-vc100-mt-1_49.dll
0x02870000 - 0x028ae000 	D:\programas\Matlab\R2013a\bin\win32\boost_serialization-vc100-mt-1_49.dll
0x76070000 - 0x76cbb000 	C:\Windows\system32\SHELL32.dll
0x77080000 - 0x770d7000 	C:\Windows\system32\SHLWAPI.dll
0x028b0000 - 0x028b5000 	D:\programas\Matlab\R2013a\bin\win32\libmwnativedisplay.dll
0x71cc0000 - 0x71d44000 	C:\Windows\WinSxS\x86_microsoft.windows.common-controls_6595b64144ccf1df_5.82.7601.18837_none_ec86b8d6858ec0bc\COMCTL32.dll
0x75420000 - 0x7549b000 	C:\Windows\system32\COMDLG32.dll
0x73700000 - 0x73711000 	C:\Windows\system32\NETAPI32.dll
0x748f0000 - 0x748f9000 	C:\Windows\system32\netutils.dll
0x74dd0000 - 0x74de9000 	C:\Windows\system32\srvcli.dll
0x736f0000 - 0x736ff000 	C:\Windows\system32\wkscli.dll
0x7f270000 - 0x7f2f7000 	D:\programas\Matlab\R2013a\bin\win32\mcr.dll
0x028c0000 - 0x02c4e000 	D:\programas\Matlab\R2013a\bin\win32\iqm.dll
0x7f630000 - 0x7f6b1000 	D:\programas\Matlab\R2013a\bin\win32\m_dispatcher.dll
0x7b920000 - 0x7be74000 	D:\programas\Matlab\R2013a\bin\win32\m_interpreter.dll
0x73dc0000 - 0x73ddc000 	D:\programas\Matlab\R2013a\bin\win32\libmex.dll
0x7d8b0000 - 0x7d910000 	D:\programas\Matlab\R2013a\bin\win32\profiler.dll
0x02c50000 - 0x02ebc000 	D:\programas\Matlab\R2013a\bin\win32\libmwmathutil.dll
0x734f0000 - 0x7350f000 	D:\programas\Matlab\R2013a\bin\win32\libmwmathrng.dll
0x02ec0000 - 0x02ece000 	D:\programas\Matlab\R2013a\bin\win32\libmwmfl_rng.dll
0x7c390000 - 0x7c43b000 	D:\programas\Matlab\R2013a\bin\win32\libmwmathcore.dll
0x7e000000 - 0x7e048000 	D:\programas\Matlab\R2013a\bin\win32\libmwspmatrix.dll
0x72390000 - 0x72540000 	D:\programas\Matlab\R2013a\bin\win32\mcos.dll
0x02ed0000 - 0x02f1b000 	D:\programas\Matlab\R2013a\bin\win32\libmwcholmod.dll
0x73e70000 - 0x73e7a000 	D:\programas\Matlab\R2013a\bin\win32\libmwamd.dll
0x02f40000 - 0x02fe3000 	C:\Windows\WinSxS\x86_microsoft.vc90.crt_1fc8b3b9a1e18e3b_9.0.30729.6161_none_50934f2ebcb7eb57\MSVCR90.dll
0x73e80000 - 0x73e8a000 	D:\programas\Matlab\R2013a\bin\win32\libmwcolamd.dll
0x03000000 - 0x0300b000 	D:\programas\Matlab\R2013a\bin\win32\libmwblas.dll
0x73d30000 - 0x73d41000 	D:\programas\Matlab\R2013a\bin\win32\libmwbinder.dll
0x73ea0000 - 0x73ea9000 	D:\programas\Matlab\R2013a\bin\win32\libmwompwrapper.dll
0x73030000 - 0x73064000 	D:\programas\Matlab\R2013a\bin\win32\libmwlapack.dll
0x73bf0000 - 0x73c07000 	D:\programas\Matlab\R2013a\bin\win32\m_pcodeio.dll
0x7e080000 - 0x7e0c9000 	D:\programas\Matlab\R2013a\bin\win32\m_ir.dll
0x03010000 - 0x035a0000 	D:\programas\Matlab\R2013a\bin\win32\m_parser.dll
0x035a0000 - 0x035b1000 	D:\programas\Matlab\R2013a\bin\win32\ir_xfmr.dll
0x73e90000 - 0x73e9e000 	D:\programas\Matlab\R2013a\bin\win32\mtok.dll
0x73690000 - 0x736b1000 	D:\programas\Matlab\R2013a\bin\win32\m_pcodegen.dll
0x7e1c0000 - 0x7e1e7000 	D:\programas\Matlab\R2013a\bin\win32\libmwbridge.dll
0x7f390000 - 0x7f421000 	D:\programas\Matlab\R2013a\bin\win32\udd.dll
0x7e6f0000 - 0x7e808000 	D:\programas\Matlab\R2013a\bin\win32\libmwgui.dll
0x73c10000 - 0x73c2d000 	D:\programas\Matlab\R2013a\bin\win32\graphics_util.dll
0x035c0000 - 0x03672000 	D:\programas\Matlab\R2013a\bin\win32\libtex_base.dll
0x03680000 - 0x03dcc000 	D:\programas\Matlab\R2013a\bin\win32\hg.dll
0x03dd0000 - 0x03e16000 	D:\programas\Matlab\R2013a\bin\win32\libmat.dll
0x75d10000 - 0x75ef9000 	D:\programas\Matlab\R2013a\bin\win32\hdf5dll.dll
0x7d9d0000 - 0x7da76000 	D:\programas\Matlab\R2013a\bin\win32\jmi.dll
0x03e30000 - 0x03e3c000 	D:\programas\Matlab\R2013a\bin\win32\nativejava_services.dll
0x732b0000 - 0x732e2000 	D:\programas\Matlab\R2013a\bin\win32\libmwhardcopy.dll
0x7de70000 - 0x7deb8000 	D:\programas\Matlab\R2013a\bin\win32\libuij.dll
0x03e40000 - 0x04012000 	D:\programas\Matlab\R2013a\bin\win32\hgdatatypes.dll
0x7d2e0000 - 0x7d39d000 	D:\programas\Matlab\R2013a\bin\win32\hgutils.dll
0x04020000 - 0x040a8000 	D:\programas\Matlab\R2013a\bin\win32\udd_mi.dll
0x040b0000 - 0x040dd000 	D:\programas\Matlab\R2013a\bin\win32\libmwgbtutils.dll
0x040e0000 - 0x040f0000 	D:\programas\Matlab\R2013a\bin\win32\libmwgbt.dll
0x040f0000 - 0x04395000 	D:\programas\Matlab\R2013a\bin\win32\uiw.dll
0x73ee0000 - 0x73ee8000 	D:\programas\Matlab\R2013a\bin\win32\uinone.dll
0x043a0000 - 0x043be000 	D:\programas\Matlab\R2013a\bin\win32\libmwnativefiledialogs.dll
0x043c0000 - 0x043c9000 	D:\programas\Matlab\R2013a\bin\win32\libmwplatform_res.dll
0x714c0000 - 0x714d2000 	C:\Windows\system32\MPR.dll
0x043d0000 - 0x04808000 	D:\programas\Matlab\R2013a\bin\win32\mfc100.dll
0x04810000 - 0x04815000 	C:\Windows\system32\MSIMG32.dll
0x71450000 - 0x714a1000 	C:\Windows\system32\WINSPOOL.DRV
0x04820000 - 0x04836000 	D:\programas\Matlab\R2013a\bin\win32\mwoles05.DLL
0x7dc40000 - 0x7dc93000 	D:\programas\Matlab\R2013a\bin\win32\comcli.dll
0x04840000 - 0x04866000 	D:\programas\Matlab\R2013a\bin\win32\ATL100.DLL
0x73e00000 - 0x73e0a000 	D:\programas\Matlab\R2013a\bin\win32\mlautoregister.dll
0x04870000 - 0x049ac000 	D:\programas\Matlab\R2013a\bin\win32\mvm.dll
0x75970000 - 0x7598f000 	C:\Windows\system32\IMM32.DLL
0x77300000 - 0x773cc000 	C:\Windows\system32\MSCTF.dll
0x73f60000 - 0x73fa0000 	C:\Windows\system32\UxTheme.dll
0x73990000 - 0x739a3000 	C:\Windows\system32\dwmapi.dll
0x05930000 - 0x0593f000 	D:\programas\Matlab\R2013a\bin\win32\MFC100ESN.DLL
0x06200000 - 0x06242000 	D:\programas\Matlab\R2013a\bin\win32\MVMLocal.dll
0x74b30000 - 0x74dbb000 	D:\programas\Matlab\R2013a\sys\java\jre\win32\jre\bin\client\jvm.dll

VM Arguments:
jvm_args: -Xss512k -XX:PermSize=32m -Xms64m -XX:NewRatio=3 -XX:MaxPermSize=96m -Xmx128m -XX:MaxDirectMemorySize=1200000000 -Dsun.java2d.noddraw=true -Dsun.awt.nopixfmt=true -Xshare:off -Xrs -Dsun.awt.disableMixing=true -Djava.library.path=D:\programas\Matlab\R2013a\bin\win32;D:\programas\Matlab\R2013a\sys\jxbrowser\win32\lib vfprintf abort 
java_command: <unknown>
Launcher Type: generic

Environment Variables:
PATH=C:\ProgramData\Oracle\Java\javapath;C:\Windows\system32;C:\Windows;C:\Windows\System32\Wbem;C:\Windows\System32\WindowsPowerShell\v1.0\;C:\Program Files\Common Files\Roxio Shared\DLLShared\;C:\Program Files\Common Files\Roxio Shared\10.0\DLLShared\;D:\programas\MCNP\MCNP_CODE\bin;PATH
USERNAME=sgossio
OS=Windows_NT
PROCESSOR_IDENTIFIER=x86 Family 21 Model 16 Stepping 1, AuthenticAMD



---------------  S Y S T E M  ---------------

OS: Windows 7 Build 7601 Service Pack 1

CPU:total 4 (4 cores per cpu, 1 threads per core) family 21 model 16 stepping 1, cmov, cx8, fxsr, mmx, sse, sse2, sse3, ssse3, sse4.1, sse4.2, mmxext, sse4a

Memory: 4k page, physical 3504368k(1920660k free), swap 4194303k(3987452k free)

vm_info: Java HotSpot(TM) Client VM (14.3-b01) for windows-x86 JRE (1.6.0_17-b04), built on Oct 11 2009 00:52:06 by "java_re" with MS VC++ 7.1

time: Thu Feb 16 15:14:12 2017
elapsed time: 26 seconds

