#
# A fatal error has been detected by the Java Runtime Environment:
#
#  EXCEPTION_ACCESS_VIOLATION (0xc0000005) at pc=0x75f3af88, pid=2188, tid=2340
#
# JRE version: 6.0_17-b04
# Java VM: Java HotSpot(TM) Client VM (14.3-b01 mixed mode windows-x86 )
# Problematic frame:
# C  [ole32.dll+0x2af88]
#
# If you would like to submit a bug report, please visit:
#   http://java.sun.com/webapps/bugreport/crash.jsp
# The crash happened outside the Java Virtual Machine in native code.
# See problematic frame for where to report the bug.
#

---------------  T H R E A D  ---------------

Current thread (0x1ef3f000):  JavaThread "Thread-41" [_thread_in_native, id=2340, stack(0x1fe10000,0x1fe90000)]

siginfo: ExceptionCode=0xc0000005, reading address 0x00000000

Registers:
EAX=0x00000000, EBX=0x00000000, ECX=0x828f2518, EDX=0x1fe8b240
ESP=0x1fe8a864, EBP=0x1fe8a8d4, ESI=0x00000000, EDI=0x1fe8b240
EIP=0x75f3af88, EFLAGS=0x00010246

Top of Stack: (sp=0x1fe8a864)
0x1fe8a864:   00000000 1fe8aea4 1fe8b410 1fe8b410
0x1fe8a874:   00000000 00000001 00000000 00000000
0x1fe8a884:   1fe8b240 29d9e114 1fe8ad00 00000001
0x1fe8a894:   2d800c58 80004005 29d9e114 41e90f3e
0x1fe8a8a4:   463356c1 8b6ec381 70dd8bac 75f642c4
0x1fe8a8b4:   00000000 00000000 00000001 00000000
0x1fe8a8c4:   00000000 1fe8a894 29d9e0f8 9d678dcc
0x1fe8a8d4:   1fe8a914 75f5554a 76056444 00000000 

Instructions: (pc=0x75f3af88)
0x75f3af78:   75 c0 ff 75 ac e8 67 01 00 00 89 45 c4 8b 45 ac
0x75f3af88:   8b 08 50 ff 51 08 8b 45 c0 3b c3 74 06 8b 08 50 


Stack: [0x1fe10000,0x1fe90000],  sp=0x1fe8a864,  free space=490k
Native frames: (J=compiled Java code, j=interpreted, Vv=VM code, C=native code)
C  [ole32.dll+0x2af88]
C  [ole32.dll+0x4554a]
C  [ole32.dll+0x2b07c]
C  [ole32.dll+0x2aff1]
C  [ole32.dll+0x2ae16]
C  [ole32.dll+0x2adc7]
C  [ole32.dll+0x2b0df]
C  [ole32.dll+0x4554a]
C  [ole32.dll+0x452ce]
C  [ole32.dll+0x4554a]
C  [ole32.dll+0x45472]
C  [ole32.dll+0x55916]
C  [ole32.dll+0x55877]
C  [ole32.dll+0x55830]
C  [SHELL32.dll+0x88190]
C  [SHELL32.dll+0x8828d]
C  [SHELL32.dll+0x68bf4]
C  [SHELL32.dll+0x68a6e]
C  [SHELL32.dll+0x68c48]
C  [SHELL32.dll+0x6fd1b]
C  [SHELL32.dll+0x6fc4c]
C  [SHELL32.dll+0x6fb8d]
C  [SHELL32.dll+0x64dcc]
C  [SHELL32.dll+0x15bf6f]
C  [SHELL32.dll+0x6f170]
C  [SHELL32.dll+0x6f05d]
C  [SHELL32.dll+0x6f212]
C  [SHELL32.dll+0x6f0c6]
C  [SHELL32.dll+0x6f105]
C  [SHELL32.dll+0x148e20]
C  [SHELL32.dll+0xa76f2]
C  [SHELL32.dll+0x419a1]
C  [SHELL32.dll+0x60a20]
C  [SHELL32.dll+0x424b1]
C  [SHELL32.dll+0x4246f]
C  [SHELL32.dll+0x7ac62]
C  [SHELL32.dll+0x7ab4b]
C  [SHELL32.dll+0x15f6e2]
C  [SHELL32.dll+0x15f15e]
C  [SHELL32.dll+0x15f3cc]
C  0x6d19b203
C  0x291e0c64
C  0x73b02fd9
C  0x73b03085
C  0x73b03062
C  0x73b03002
C  0x73b0a27d
C  0x73b0a22d
C  0x73b0a354
C  0x73b0a375
C  0x73b0a375
C  0x73b0a375
C  0x73b0a375
C  0x73b0a375
C  0x73b0a375
C  0x73b0a375
C  0x73b0a15d
C  0x73b0a6cc
C  0x73b09edf
C  0x73b09e01
C  0x73b0a676
C  0x73b02a9e
C  [USER32.dll+0x1c4b7]
C  [USER32.dll+0x1c5b7]
C  [USER32.dll+0x11b09]
C  [USER32.dll+0x11b2f]
C  0x1ffdf453
C  0x1ffdf5fe
C  0x1ffdf5b2
C  0x6d197444
C  0x6d186098
C  0x1ffdf5fe
C  0x1ffdf5b2
C  0x6d187b7f
C  0x6d187b27
C  0x1ffdf5fe
C  0x1ffdf5b2
C  0x1ffdb65f
C  0x1ffdf5fe
C  0x1ffdf4a0
C  [USER32.dll+0x1c4b7]
C  [USER32.dll+0x15f77]
C  [USER32.dll+0x14ee6]
C  [USER32.dll+0x14f55]
C  [ntdll.dll+0x46b2e]
C  0x292002b4
C  0x291e0c64
C  0x73b02fd9
C  0x73b03085
C  0x73b03062
C  0x73b03002
C  0x73b0a27d
C  0x73b0a22d
C  0x73b0a354
C  0x73b0a375
C  0x73b0a375
C  0x73b0a375
C  0x73b0a15d
C  0x73b0a6cc
C  0x73b09edf
...<more frames>...

Java frames: (J=compiled Java code, j=interpreted, Vv=VM code)
j  com.mathworks.util.NativeJava.showNativeFileDialogMulti(JZLjava/lang/String;Ljava/lang/String;Ljava/lang/String;Ljava/lang/String;ZZLjava/lang/String;I)Ljava/lang/Object;+0
j  com.mathworks.mwswing.MJFileChooserPerPlatform$RunnableNativeDispatch.runNative()V+37
j  com.mathworks.mwswing.MJFileChooserPerPlatform$RunnableNativeDispatch.runWindows()V+22
j  com.mathworks.mwswing.MJFileChooserPerPlatform$RunnableNativeDispatch.run()V+7
j  java.lang.Thread.run()V+11
v  ~StubRoutines::call_stub

---------------  P R O C E S S  ---------------

Java Threads: ( => current thread )
  0x1ef3fc00 JavaThread "Foxtrot Multi Worker Thread Runner #2" daemon [_thread_blocked, id=4768, stack(0x275b0000,0x27630000)]
  0x1ef3f800 JavaThread "Foxtrot Multi Worker Thread Runner #1" daemon [_thread_blocked, id=6212, stack(0x263e0000,0x26460000)]
=>0x1ef3f000 JavaThread "Thread-41" [_thread_in_native, id=2340, stack(0x1fe10000,0x1fe90000)]
  0x1ef39c00 JavaThread "Inactive RequestProcessor thread [Was:TimedSoftReference/org.openide.util.TimedSoftReference]" daemon [_thread_blocked, id=5592, stack(0x1f9e0000,0x1fa60000)]
  0x1ef3ec00 JavaThread "pool-6-thread-1" [_thread_blocked, id=4104, stack(0x27430000,0x274b0000)]
  0x1ef3b800 JavaThread "Code Analyzer updating thread" [_thread_blocked, id=1908, stack(0x26360000,0x263e0000)]
  0x1ef3e400 JavaThread "Code Analyzer updating thread" [_thread_blocked, id=7748, stack(0x262e0000,0x26360000)]
  0x1ef3e000 JavaThread "Active Reference Queue Daemon" daemon [_thread_blocked, id=7804, stack(0x26260000,0x262e0000)]
  0x1ef3d800 JavaThread "Timer-1" daemon [_thread_blocked, id=3532, stack(0x261e0000,0x26260000)]
  0x1ef3d400 JavaThread "ClipboardMonitor Timer" daemon [_thread_blocked, id=6068, stack(0x26160000,0x261e0000)]
  0x1ef3c000 JavaThread "Explorer NavigationContext request queue" daemon [_thread_blocked, id=6128, stack(0x260e0000,0x26160000)]
  0x1ef3b400 JavaThread "AddressBar directory emptiness poller" daemon [_thread_blocked, id=5076, stack(0x25fe0000,0x26060000)]
  0x1ef3ac00 JavaThread "Explorer Refresh Service 23735419" daemon [_thread_blocked, id=6684, stack(0x25f60000,0x25fe0000)]
  0x1ef3a800 JavaThread "Thread-4" daemon [_thread_blocked, id=6140, stack(0x25360000,0x253e0000)]
  0x1ef3a000 JavaThread "TimerQueue" daemon [_thread_blocked, id=4616, stack(0x20db0000,0x20e30000)]
  0x1ef39400 JavaThread "Thread-3" daemon [_thread_blocked, id=6632, stack(0x1fc10000,0x1fc90000)]
  0x1ef39000 JavaThread "FelixPackageAdmin" daemon [_thread_blocked, id=7948, stack(0x1fd90000,0x1fe10000)]
  0x1ef38800 JavaThread "FelixStartLevel" daemon [_thread_blocked, id=2240, stack(0x1fd10000,0x1fd90000)]
  0x1ef38400 JavaThread "FelixDispatchQueue" daemon [_thread_blocked, id=8148, stack(0x1fc90000,0x1fd10000)]
  0x1ed0d000 JavaThread "AWT-EventQueue-0" [_thread_blocked, id=5148, stack(0x1fae0000,0x1fb60000)]
  0x1ed11800 JavaThread "com.google.common.base.internal.Finalizer" daemon [_thread_blocked, id=6636, stack(0x1fa60000,0x1fae0000)]
  0x1ecf1000 JavaThread "AWT-Windows" daemon [_thread_in_native, id=3488, stack(0x1f860000,0x1f8e0000)]
  0x1ece8800 JavaThread "AWT-Shutdown" [_thread_blocked, id=5676, stack(0x1f7e0000,0x1f860000)]
  0x1ece6000 JavaThread "Java2D Disposer" daemon [_thread_blocked, id=6292, stack(0x0ff10000,0x0ff90000)]
  0x0f734c00 JavaThread "Timer-0" [_thread_blocked, id=2276, stack(0x0fdb0000,0x0fe30000)]
  0x0f74c000 JavaThread "EventMgr Dispatcher" daemon [_thread_in_native, id=5456, stack(0x1e010000,0x1e810000)]
  0x078b6400 JavaThread "Low Memory Detector" daemon [_thread_blocked, id=6088, stack(0x0e510000,0x0e590000)]
  0x078a4400 JavaThread "CompilerThread0" daemon [_thread_blocked, id=7248, stack(0x0dd10000,0x0e510000)]
  0x07899800 JavaThread "Attach Listener" daemon [_thread_blocked, id=6040, stack(0x0dc90000,0x0dd10000)]
  0x07864400 JavaThread "Finalizer" daemon [_thread_blocked, id=7008, stack(0x0dc10000,0x0dc90000)]
  0x07863000 JavaThread "Reference Handler" daemon [_thread_blocked, id=5780, stack(0x0db90000,0x0dc10000)]
  0x077e5400 JavaThread "main" [_thread_blocked, id=5784, stack(0x00430000,0x00c30000)]

Other Threads:
  0x0785ec00 VMThread [stack: 0x0d390000,0x0db90000] [id=1620]
  0x0e591400 WatcherThread [stack: 0x0e790000,0x0ef90000] [id=6640]

VM state:not at safepoint (normal execution)

VM Mutex/Monitor currently owned by a thread: None

Heap
 def new generation   total 17728K, used 6605K [0x10010000, 0x11340000, 0x12010000)
  eden space 15808K,  32% used [0x10010000, 0x105224b0, 0x10f80000)
  from space 1920K,  73% used [0x10f80000, 0x110e1180, 0x11160000)
  to   space 1920K,   0% used [0x11160000, 0x11160000, 0x11340000)
 tenured generation   total 58696K, used 38806K [0x12010000, 0x15962000, 0x18010000)
   the space 58696K,  66% used [0x12010000, 0x145f5900, 0x145f5a00, 0x15962000)
 compacting perm gen  total 43776K, used 43622K [0x18010000, 0x1aad0000, 0x1e010000)
   the space 43776K,  99% used [0x18010000, 0x1aaa9a90, 0x1aaa9c00, 0x1aad0000)
No shared spaces configured.

Dynamic libraries:
0x00400000 - 0x00425000 	D:\programas\Matlab\R2013a\bin\win32\MATLAB.exe
0x77180000 - 0x772c2000 	C:\Windows\SYSTEM32\ntdll.dll
0x75b40000 - 0x75c15000 	C:\Windows\system32\kernel32.dll
0x75370000 - 0x753bb000 	C:\Windows\system32\KERNELBASE.dll
0x7ef10000 - 0x7efa1000 	D:\programas\Matlab\R2013a\bin\win32\libut.dll
0x7dce0000 - 0x7dd75000 	D:\programas\Matlab\R2013a\bin\win32\libmwi18n.dll
0x10000000 - 0x1000b000 	D:\programas\Matlab\R2013a\bin\win32\libmwresource_core.dll
0x000d0000 - 0x00139000 	D:\programas\Matlab\R2013a\bin\win32\MSVCP100.dll
0x00140000 - 0x001ff000 	D:\programas\Matlab\R2013a\bin\win32\MSVCR100.dll
0x00020000 - 0x0002c000 	D:\programas\Matlab\R2013a\bin\win32\boost_date_time-vc100-mt-1_49.dll
0x00200000 - 0x00225000 	D:\programas\Matlab\R2013a\bin\win32\boost_filesystem-vc100-mt-1_49.dll
0x00230000 - 0x00237000 	D:\programas\Matlab\R2013a\bin\win32\boost_system-vc100-mt-1_49.dll
0x75830000 - 0x758d1000 	C:\Windows\system32\ADVAPI32.dll
0x759e0000 - 0x75a8c000 	C:\Windows\system32\msvcrt.dll
0x75c20000 - 0x75c39000 	C:\Windows\SYSTEM32\sechost.dll
0x75780000 - 0x75822000 	C:\Windows\system32\RPCRT4.dll
0x00340000 - 0x00361000 	D:\programas\Matlab\R2013a\bin\win32\LIBEXPAT.dll
0x72eb0000 - 0x72ff9000 	D:\programas\Matlab\R2013a\bin\win32\icuin49.dll
0x7ea10000 - 0x7eb17000 	D:\programas\Matlab\R2013a\bin\win32\icuuc49.dll
0x00c30000 - 0x01d52000 	D:\programas\Matlab\R2013a\bin\win32\icudt49.dll
0x73db0000 - 0x73dbd000 	D:\programas\Matlab\R2013a\bin\win32\icuio49.dll
0x01d60000 - 0x01eb3000 	D:\programas\Matlab\R2013a\bin\win32\libmwfl.dll
0x01ec0000 - 0x021e3000 	D:\programas\Matlab\R2013a\bin\win32\libmwMATLAB_res.dll
0x021f0000 - 0x022a4000 	D:\programas\Matlab\R2013a\bin\win32\boost_regex-vc100-mt-1_49.dll
0x76fb0000 - 0x77079000 	C:\Windows\system32\USER32.dll
0x756e0000 - 0x7572e000 	C:\Windows\system32\GDI32.dll
0x75b30000 - 0x75b3a000 	C:\Windows\system32\LPK.dll
0x770e0000 - 0x7717d000 	C:\Windows\system32\USP10.dll
0x003b0000 - 0x003be000 	D:\programas\Matlab\R2013a\bin\win32\boost_signals-vc100-mt-1_49.dll
0x003c0000 - 0x003ce000 	D:\programas\Matlab\R2013a\bin\win32\boost_thread-vc100-mt-1_49.dll
0x022b0000 - 0x02324000 	D:\programas\Matlab\R2013a\bin\win32\boost_log-vc100-mt-1_49.dll
0x75f00000 - 0x75f05000 	C:\Windows\system32\PSAPI.DLL
0x75990000 - 0x759c5000 	C:\Windows\system32\WS2_32.dll
0x759d0000 - 0x759d6000 	C:\Windows\system32\NSI.dll
0x003d0000 - 0x003f8000 	D:\programas\Matlab\R2013a\bin\win32\tbb.dll
0x772d0000 - 0x772fb000 	C:\Windows\system32\imagehlp.dll
0x74550000 - 0x74575000 	C:\Windows\system32\POWRPROF.dll
0x76e10000 - 0x76fad000 	C:\Windows\system32\SETUPAPI.dll
0x751d0000 - 0x751f7000 	C:\Windows\system32\CFGMGR32.dll
0x758e0000 - 0x7596f000 	C:\Windows\system32\OLEAUT32.dll
0x75f10000 - 0x7606c000 	C:\Windows\system32\ole32.dll
0x751a0000 - 0x751b2000 	C:\Windows\system32\DEVOBJ.dll
0x02330000 - 0x02349000 	D:\programas\Matlab\R2013a\bin\win32\libmwmfl_scalar.dll
0x70090000 - 0x7017b000 	C:\Windows\system32\dbghelp.dll
0x02350000 - 0x025e6000 	D:\programas\Matlab\R2013a\bin\win32\libmwservices.dll
0x7db50000 - 0x7dc0c000 	D:\programas\Matlab\R2013a\bin\win32\libmx.dll
0x025f0000 - 0x02608000 	D:\programas\Matlab\R2013a\bin\win32\tbbmalloc.dll
0x02610000 - 0x02624000 	D:\programas\Matlab\R2013a\bin\win32\zlib1.dll
0x02630000 - 0x0266d000 	D:\programas\Matlab\R2013a\bin\win32\libmwregexp.dll
0x7df40000 - 0x7df78000 	D:\programas\Matlab\R2013a\bin\win32\mpath.dll
0x72990000 - 0x72ea3000 	D:\programas\Matlab\R2013a\bin\win32\mlutil.dll
0x7d670000 - 0x7d6d2000 	D:\programas\Matlab\R2013a\bin\win32\xmlcore.dll
0x02670000 - 0x02830000 	D:\programas\Matlab\R2013a\bin\win32\xerces-c_2_7.dll
0x02840000 - 0x0285f000 	D:\programas\Matlab\R2013a\bin\win32\libmwMATLAB_settings_res.dll
0x02860000 - 0x0286d000 	D:\programas\Matlab\R2013a\bin\win32\boost_iostreams-vc100-mt-1_49.dll
0x02870000 - 0x028ae000 	D:\programas\Matlab\R2013a\bin\win32\boost_serialization-vc100-mt-1_49.dll
0x76070000 - 0x76cbb000 	C:\Windows\system32\SHELL32.dll
0x77080000 - 0x770d7000 	C:\Windows\system32\SHLWAPI.dll
0x028b0000 - 0x028b5000 	D:\programas\Matlab\R2013a\bin\win32\libmwnativedisplay.dll
0x71cc0000 - 0x71d44000 	C:\Windows\WinSxS\x86_microsoft.windows.common-controls_6595b64144ccf1df_5.82.7601.18837_none_ec86b8d6858ec0bc\COMCTL32.dll
0x75420000 - 0x7549b000 	C:\Windows\system32\COMDLG32.dll
0x73700000 - 0x73711000 	C:\Windows\system32\NETAPI32.dll
0x748f0000 - 0x748f9000 	C:\Windows\system32\netutils.dll
0x74dd0000 - 0x74de9000 	C:\Windows\system32\srvcli.dll
0x736f0000 - 0x736ff000 	C:\Windows\system32\wkscli.dll
0x7f270000 - 0x7f2f7000 	D:\programas\Matlab\R2013a\bin\win32\mcr.dll
0x028c0000 - 0x02c4e000 	D:\programas\Matlab\R2013a\bin\win32\iqm.dll
0x7f630000 - 0x7f6b1000 	D:\programas\Matlab\R2013a\bin\win32\m_dispatcher.dll
0x7b920000 - 0x7be74000 	D:\programas\Matlab\R2013a\bin\win32\m_interpreter.dll
0x73dc0000 - 0x73ddc000 	D:\programas\Matlab\R2013a\bin\win32\libmex.dll
0x7d8b0000 - 0x7d910000 	D:\programas\Matlab\R2013a\bin\win32\profiler.dll
0x02c50000 - 0x02ebc000 	D:\programas\Matlab\R2013a\bin\win32\libmwmathutil.dll
0x734f0000 - 0x7350f000 	D:\programas\Matlab\R2013a\bin\win32\libmwmathrng.dll
0x02ec0000 - 0x02ece000 	D:\programas\Matlab\R2013a\bin\win32\libmwmfl_rng.dll
0x7c390000 - 0x7c43b000 	D:\programas\Matlab\R2013a\bin\win32\libmwmathcore.dll
0x7e000000 - 0x7e048000 	D:\programas\Matlab\R2013a\bin\win32\libmwspmatrix.dll
0x72390000 - 0x72540000 	D:\programas\Matlab\R2013a\bin\win32\mcos.dll
0x02ed0000 - 0x02f1b000 	D:\programas\Matlab\R2013a\bin\win32\libmwcholmod.dll
0x73e70000 - 0x73e7a000 	D:\programas\Matlab\R2013a\bin\win32\libmwamd.dll
0x02f40000 - 0x02fe3000 	C:\Windows\WinSxS\x86_microsoft.vc90.crt_1fc8b3b9a1e18e3b_9.0.30729.6161_none_50934f2ebcb7eb57\MSVCR90.dll
0x73e80000 - 0x73e8a000 	D:\programas\Matlab\R2013a\bin\win32\libmwcolamd.dll
0x03000000 - 0x0300b000 	D:\programas\Matlab\R2013a\bin\win32\libmwblas.dll
0x73d30000 - 0x73d41000 	D:\programas\Matlab\R2013a\bin\win32\libmwbinder.dll
0x73ea0000 - 0x73ea9000 	D:\programas\Matlab\R2013a\bin\win32\libmwompwrapper.dll
0x73030000 - 0x73064000 	D:\programas\Matlab\R2013a\bin\win32\libmwlapack.dll
0x73bf0000 - 0x73c07000 	D:\programas\Matlab\R2013a\bin\win32\m_pcodeio.dll
0x7e080000 - 0x7e0c9000 	D:\programas\Matlab\R2013a\bin\win32\m_ir.dll
0x03010000 - 0x035a0000 	D:\programas\Matlab\R2013a\bin\win32\m_parser.dll
0x035a0000 - 0x035b1000 	D:\programas\Matlab\R2013a\bin\win32\ir_xfmr.dll
0x73e90000 - 0x73e9e000 	D:\programas\Matlab\R2013a\bin\win32\mtok.dll
0x73690000 - 0x736b1000 	D:\programas\Matlab\R2013a\bin\win32\m_pcodegen.dll
0x7e1c0000 - 0x7e1e7000 	D:\programas\Matlab\R2013a\bin\win32\libmwbridge.dll
0x7f390000 - 0x7f421000 	D:\programas\Matlab\R2013a\bin\win32\udd.dll
0x7e6f0000 - 0x7e808000 	D:\programas\Matlab\R2013a\bin\win32\libmwgui.dll
0x73c10000 - 0x73c2d000 	D:\programas\Matlab\R2013a\bin\win32\graphics_util.dll
0x035c0000 - 0x03672000 	D:\programas\Matlab\R2013a\bin\win32\libtex_base.dll
0x03680000 - 0x03dcc000 	D:\programas\Matlab\R2013a\bin\win32\hg.dll
0x03dd0000 - 0x03e16000 	D:\programas\Matlab\R2013a\bin\win32\libmat.dll
0x75d10000 - 0x75ef9000 	D:\programas\Matlab\R2013a\bin\win32\hdf5dll.dll
0x7d9d0000 - 0x7da76000 	D:\programas\Matlab\R2013a\bin\win32\jmi.dll
0x03e30000 - 0x03e3c000 	D:\programas\Matlab\R2013a\bin\win32\nativejava_services.dll
0x732b0000 - 0x732e2000 	D:\programas\Matlab\R2013a\bin\win32\libmwhardcopy.dll
0x7de70000 - 0x7deb8000 	D:\programas\Matlab\R2013a\bin\win32\libuij.dll
0x03e40000 - 0x04012000 	D:\programas\Matlab\R2013a\bin\win32\hgdatatypes.dll
0x7d2e0000 - 0x7d39d000 	D:\programas\Matlab\R2013a\bin\win32\hgutils.dll
0x04020000 - 0x040a8000 	D:\programas\Matlab\R2013a\bin\win32\udd_mi.dll
0x040b0000 - 0x040dd000 	D:\programas\Matlab\R2013a\bin\win32\libmwgbtutils.dll
0x040e0000 - 0x040f0000 	D:\programas\Matlab\R2013a\bin\win32\libmwgbt.dll
0x040f0000 - 0x04395000 	D:\programas\Matlab\R2013a\bin\win32\uiw.dll
0x73ee0000 - 0x73ee8000 	D:\programas\Matlab\R2013a\bin\win32\uinone.dll
0x043a0000 - 0x043be000 	D:\programas\Matlab\R2013a\bin\win32\libmwnativefiledialogs.dll
0x043c0000 - 0x043c9000 	D:\programas\Matlab\R2013a\bin\win32\libmwplatform_res.dll
0x714c0000 - 0x714d2000 	C:\Windows\system32\MPR.dll
0x043d0000 - 0x04808000 	D:\programas\Matlab\R2013a\bin\win32\mfc100.dll
0x04810000 - 0x04815000 	C:\Windows\system32\MSIMG32.dll
0x71450000 - 0x714a1000 	C:\Windows\system32\WINSPOOL.DRV
0x04820000 - 0x04836000 	D:\programas\Matlab\R2013a\bin\win32\mwoles05.DLL
0x7dc40000 - 0x7dc93000 	D:\programas\Matlab\R2013a\bin\win32\comcli.dll
0x04840000 - 0x04866000 	D:\programas\Matlab\R2013a\bin\win32\ATL100.DLL
0x73e00000 - 0x73e0a000 	D:\programas\Matlab\R2013a\bin\win32\mlautoregister.dll
0x04870000 - 0x049ac000 	D:\programas\Matlab\R2013a\bin\win32\mvm.dll
0x75970000 - 0x7598f000 	C:\Windows\system32\IMM32.DLL
0x77300000 - 0x773cc000 	C:\Windows\system32\MSCTF.dll
0x73f60000 - 0x73fa0000 	C:\Windows\system32\UxTheme.dll
0x73990000 - 0x739a3000 	C:\Windows\system32\dwmapi.dll
0x04b00000 - 0x04b0f000 	D:\programas\Matlab\R2013a\bin\win32\MFC100ESN.DLL
0x06200000 - 0x06242000 	D:\programas\Matlab\R2013a\bin\win32\MVMLocal.dll
0x74b30000 - 0x74dbb000 	D:\programas\Matlab\R2013a\sys\java\jre\win32\jre\bin\client\jvm.dll

VM Arguments:
jvm_args: -Xss512k -XX:PermSize=32m -Xms64m -XX:NewRatio=3 -XX:MaxPermSize=96m -Xmx128m -XX:MaxDirectMemorySize=1200000000 -Dsun.java2d.noddraw=true -Dsun.awt.nopixfmt=true -Xshare:off -Xrs -Dsun.awt.disableMixing=true -Djava.library.path=D:\programas\Matlab\R2013a\bin\win32;D:\programas\Matlab\R2013a\sys\jxbrowser\win32\lib vfprintf abort 
java_command: <unknown>
Launcher Type: generic

Environment Variables:
PATH=C:\ProgramData\Oracle\Java\javapath;C:\Windows\system32;C:\Windows;C:\Windows\System32\Wbem;C:\Windows\System32\WindowsPowerShell\v1.0\;C:\Program Files\Common Files\Roxio Shared\DLLShared\;C:\Program Files\Common Files\Roxio Shared\10.0\DLLShared\;D:\programas\MCNP\MCNP_CODE\bin;PATH
USERNAME=sgossio
OS=Windows_NT
PROCESSOR_IDENTIFIER=x86 Family 21 Model 16 Stepping 1, AuthenticAMD



---------------  S Y S T E M  ---------------

OS: Windows 7 Build 7601 Service Pack 1

CPU:total 4 (4 cores per cpu, 1 threads per core) family 21 model 16 stepping 1, cmov, cx8, fxsr, mmx, sse, sse2, sse3, ssse3, sse4.1, sse4.2, mmxext, sse4a

Memory: 4k page, physical 3504368k(1916240k free), swap 4194303k(3988072k free)

vm_info: Java HotSpot(TM) Client VM (14.3-b01) for windows-x86 JRE (1.6.0_17-b04), built on Oct 11 2009 00:52:06 by "java_re" with MS VC++ 7.1

time: Thu Feb 16 15:14:58 2017
elapsed time: 37 seconds

